../Core/Src/Basic.c:9:6:Delay_us	24	static
../Core/Src/Basic.c:19:6:Delay_ms	16	static
../Core/Src/Basic.c:25:6:Bluetooth_ATMode	8	static
../Core/Src/Basic.c:30:6:Bluetooth_PairingMode	8	static
../Core/Src/Basic.c:34:6:Bluetooth_PowerOn	8	static
../Core/Src/Basic.c:38:6:Bluetooth_PowerOff	8	static
../Core/Src/Basic.c:47:6:ST_LED_ON_1	8	static
../Core/Src/Basic.c:52:6:ST_LED_ON_2	8	static
../Core/Src/Basic.c:56:6:ST_LED_ON_3	8	static
../Core/Src/Basic.c:61:6:ST_LED_OFF_1	8	static
../Core/Src/Basic.c:66:6:ST_LED_OFF_2	8	static
../Core/Src/Basic.c:70:6:ST_LED_OFF_3	8	static
../Core/Src/Basic.c:76:6:MOSTEC_LED_ON_1	8	static
../Core/Src/Basic.c:81:6:MOSTEC_LED_ON_2	8	static
../Core/Src/Basic.c:86:6:MOSTEC_LED_ON_3	8	static
../Core/Src/Basic.c:91:6:MOSTEC_LED_ON_4	8	static
../Core/Src/Basic.c:97:6:MOSTEC_LED_OFF_1	8	static
../Core/Src/Basic.c:102:6:MOSTEC_LED_OFF_2	8	static
../Core/Src/Basic.c:107:6:MOSTEC_LED_OFF_3	8	static
../Core/Src/Basic.c:112:6:MOSTEC_LED_OFF_4	8	static
../Core/Src/Basic.c:117:6:Init_Complite_Led_Offeration	8	static
