../Core/Src/iquidcrystal_i2c.c:47:6:HD44780_Init	16	static
../Core/Src/iquidcrystal_i2c.c:102:6:HD44780_Clear	8	static
../Core/Src/iquidcrystal_i2c.c:108:6:HD44780_Home	8	static
../Core/Src/iquidcrystal_i2c.c:114:6:HD44780_SetCursor	40	static
../Core/Src/iquidcrystal_i2c.c:124:6:HD44780_NoDisplay	8	static
../Core/Src/iquidcrystal_i2c.c:130:6:HD44780_Display	8	static
../Core/Src/iquidcrystal_i2c.c:136:6:HD44780_NoCursor	8	static
../Core/Src/iquidcrystal_i2c.c:142:6:HD44780_Cursor	8	static
../Core/Src/iquidcrystal_i2c.c:148:6:HD44780_NoBlink	8	static
../Core/Src/iquidcrystal_i2c.c:154:6:HD44780_Blink	8	static
../Core/Src/iquidcrystal_i2c.c:160:6:HD44780_ScrollDisplayLeft	8	static
../Core/Src/iquidcrystal_i2c.c:165:6:HD44780_ScrollDisplayRight	8	static
../Core/Src/iquidcrystal_i2c.c:170:6:HD44780_LeftToRight	8	static
../Core/Src/iquidcrystal_i2c.c:176:6:HD44780_RightToLeft	8	static
../Core/Src/iquidcrystal_i2c.c:182:6:HD44780_AutoScroll	8	static
../Core/Src/iquidcrystal_i2c.c:188:6:HD44780_NoAutoScroll	8	static
../Core/Src/iquidcrystal_i2c.c:194:6:HD44780_CreateSpecialChar	24	static
../Core/Src/iquidcrystal_i2c.c:204:6:HD44780_PrintSpecialChar	16	static
../Core/Src/iquidcrystal_i2c.c:209:6:HD44780_LoadCustomCharacter	16	static
../Core/Src/iquidcrystal_i2c.c:214:6:HD44780_PrintStr	16	static
../Core/Src/iquidcrystal_i2c.c:219:6:HD44780_SetBacklight	16	static
../Core/Src/iquidcrystal_i2c.c:225:6:HD44780_NoBacklight	8	static
../Core/Src/iquidcrystal_i2c.c:231:6:HD44780_Backlight	8	static
../Core/Src/iquidcrystal_i2c.c:237:13:SendCommand	16	static
../Core/Src/iquidcrystal_i2c.c:242:13:SendChar	16	static
../Core/Src/iquidcrystal_i2c.c:247:13:Send	24	static
../Core/Src/iquidcrystal_i2c.c:255:13:Write4Bits	16	static
../Core/Src/iquidcrystal_i2c.c:261:13:ExpanderWrite	32	static
../Core/Src/iquidcrystal_i2c.c:267:13:PulseEnable	16	static
