../Core/Src/main.c:117:5:main	16	static
../Core/Src/main.c:418:6:checkQuadrant	4	static
../Core/Src/main.c:462:6:HAL_UART_RxCpltCallback	16	static
../Core/Src/main.c:500:6:GetFlashMemory	8	static
../Core/Src/main.c:509:7:HAL_IncTick	8	static
../Core/Src/main.c:545:7:HAL_GPIO_EXTI_Callback	16	static
../Core/Src/main.c:564:6:SystemClock_Config	88	static
../Core/Src/main.c:606:13:MX_I2C1_Init	8	static
../Core/Src/main.c:654:13:MX_I2C2_Init	8	static
../Core/Src/main.c:702:13:MX_UART4_Init	8	static
../Core/Src/main.c:735:13:MX_USART3_UART_Init	8	static
../Core/Src/main.c:768:13:MX_GPIO_Init	56	static
../Core/Src/main.c:858:6:Error_Handler	4	static,ignoring_inline_asm
